Done setting up system on 0
Done setting up system on 1
opening for write on 0
Done step 0
Done step 1
Done step 2
Done step 3
Done step 4
