opening for write on 0
done step at time 0
done step at time 0.2
done step at time 0.4
done step at time 0.6
done step at time 0.8
done step at time 1
done step at time 1.2
done step at time 1.4
done step at time 1.6
done step at time 1.8
done step at time 2
