          10
 Returned number of particles:           10
(1,1,1)
(2,2,2)
(3,3,3)
(4,4,4)
(5,5,5)
(6,6,6)
(7,7,7)
(8,8,8)
(9,9,9)
(10,10,10)
(1.5,1.5,1.5)
(3,3,3)
(4.5,4.5,4.5)
(6,6,6)
(7.5,7.5,7.5)
(9,9,9)
(10.5,10.5,10.5)
(12,12,12)
(13.5,13.5,13.5)
(15,15,15)
opening for write on 0
